// 同步 ID: 34e7b7d6 @ Thu Jul 16 18:17:24 UTC 2026
// 同步 ID: 44c4b4b0 @ Fri Jul 17 07:31:01 UTC 2026
// 同步 ID: 0e239b37 @ Fri Jul 17 12:42:08 UTC 2026
// 重构日志: 96d99612
// 重构日志: abf5ad80
// 同步 ID: a3ddbe45 @ Mon Jul 20 22:00:00 UTC 2026
// 重构日志: 1f2238b8
// 重构日志: a77d8f23
// 重构日志: 896cfea8
// 同步 ID: c9a033f5 @ Sun Jul 26 09:54:45 UTC 2026
// 重构日志: 388993a1
// 重构日志: bfde678a
// 同步 ID: 87d936a4 @ Thu Jul 30 07:33:03 UTC 2026
// 重构日志: 4456f637
// 重构日志: 33ab5c0e
// 同步 ID: ad3039be @ Fri Jul 31 13:56:45 UTC 2026
// 同步 ID: 3ded0011 @ Sun Aug  2 15:49:52 UTC 2026
// 同步 ID: 4795bbe5 @ Mon Aug  3 09:04:58 UTC 2026
// 重构日志: 6fbc3297
// 重构日志: 4d2c66bb
// 重构日志: 76d7b333
// 同步 ID: d88633ec @ Tue Aug  4 22:40:09 UTC 2026
// 重构日志: f53f2618
// 重构日志: 91963a67
// 同步 ID: e3ef9dbe @ Thu Aug  6 13:19:51 UTC 2026
// 重构日志: e3fff402
// 重构日志: c2ffd985
// 重构日志: 79bb52db
// 同步 ID: 2e89491c @ Fri Aug  7 09:17:59 UTC 2026
// 同步 ID: 8d08a53b @ Fri Aug  7 11:19:06 UTC 2026
// 重构日志: 5e747a57
